2026-08-21 02:37:43 | To: jezreeldeniel@gmail.com | Subject: Verify Your PASIGNAE Account
<!DOCTYPE html><html><body style='font-family:Georgia,serif;color:#1e3a5f;max-width:600px;margin:0 auto;padding:20px;'>
            <h2>Peace be with you, jezreel!</h2>
            <p>Your verification code is:</p>
            <div style='font-size:32px;font-weight:bold;letter-spacing:8px;color:#7c2d3e;padding:20px;background:#faf8f5;text-align:center;border-radius:8px;'>883968</div>
            <p>This code expires in 15 minutes.</p>
            <p><em>Diocese of Pasig — PASIGNAE</em></p>
        </body></html>
---
2026-08-21 02:38:25 | To: jezreeldeniel@gmail.com | Subject: Verify Your PASIGNAE Account
<!DOCTYPE html><html><body style='font-family:Georgia,serif;color:#1e3a5f;max-width:600px;margin:0 auto;padding:20px;'>
            <h2>Peace be with you, jezreel!</h2>
            <p>Your verification code is:</p>
            <div style='font-size:32px;font-weight:bold;letter-spacing:8px;color:#7c2d3e;padding:20px;background:#faf8f5;text-align:center;border-radius:8px;'>583067</div>
            <p>This code expires in 15 minutes.</p>
            <p><em>Diocese of Pasig — PASIGNAE</em></p>
        </body></html>
---
2026-08-21 03:01:55 | SENT | To: jezreeldeniel@gmail.com | Subject: Verify Your PASIGNAE Account
---
